{"id": "cmd-1", "argv": ["docker", "build", "--no-cache", "--progress=plain", "-f", "Dockerfile.broken", "."], "cwd": "C:\\Users\\X\\桌面\\note\\devops\\project b13\\2026-Devops-B13\\fixtures\\draft", "started_at": "2026-09-24T11:07:15.912308+00:00", "exit_code": 1, "timed_out": false, "execution_error": null, "finished_at": "2026-09-24T11:07:17.293273+00:00", "stdout_path": "001.stdout.log", "stderr_path": "001.stderr.log"}
[stdout]

[stderr]
#0 building with "desktop-linux" instance using docker driver

#1 [internal] load build definition from Dockerfile.broken
#1 transferring dockerfile: 160B done
#1 DONE 0.0s

#2 [internal] load metadata for public.ecr.aws/ubuntu/ubuntu:20.04
#2 DONE 0.1s

#3 [internal] load .dockerignore
#3 transferring context: 2B done
#3 DONE 0.0s

#4 [1/4] FROM public.ecr.aws/ubuntu/ubuntu:20.04@sha256:7e9558e1203a9a2b0967554abf9ebdc5552f29013b01f6e7271bf2d776d51234
#4 resolve public.ecr.aws/ubuntu/ubuntu:20.04@sha256:7e9558e1203a9a2b0967554abf9ebdc5552f29013b01f6e7271bf2d776d51234 0.0s done
#4 DONE 0.0s

#5 [2/4] WORKDIR /workspace/project
#5 CACHED

#6 [internal] load build context
#6 transferring context: 55B done
#6 DONE 0.0s

#7 [3/4] COPY main.c Makefile ./
#7 DONE 0.1s

#8 [4/4] RUN make
#8 0.267 /bin/sh: 1: make: not found
#8 ERROR: process "/bin/sh -c make" did not complete successfully: exit code: 127
------
 > [4/4] RUN make:
0.267 /bin/sh: 1: make: not found
------
Dockerfile.broken:4
--------------------
   2 |     WORKDIR /workspace/project
   3 |     COPY main.c Makefile ./
   4 | >>> RUN make
   5 |     CMD ["./hello"]
   6 |     
--------------------
ERROR: failed to build: failed to solve: process "/bin/sh -c make" did not complete successfully: exit code: 127

View build details: docker-desktop://dashboard/build/desktop-linux/desktop-linux/isp91wxlbgzi2jc1dku5175lu

{"id": "cmd-2", "argv": ["docker", "build", "--no-cache", "--progress=plain", "--build-arg", "HTTP_PROXY=http://host.docker.internal:18763", "-t", "b13-draft-reference:20260924190715", "-f", "Dockerfile.reference", "."], "cwd": "C:\\Users\\X\\桌面\\note\\devops\\project b13\\2026-Devops-B13\\fixtures\\draft", "started_at": "2026-09-24T11:07:17.295778+00:00", "exit_code": 4294967295, "timed_out": false, "execution_error": null, "finished_at": "2026-09-24T11:19:51.574510+00:00", "stdout_path": "002.stdout.log", "stderr_path": "002.stderr.log"}
[stdout]

[stderr]
#0 building with "desktop-linux" instance using docker driver

#1 [internal] load build definition from Dockerfile.reference
#1 transferring dockerfile: 298B done
#1 DONE 0.0s

#2 [internal] load metadata for public.ecr.aws/ubuntu/ubuntu:20.04
#2 DONE 0.0s

#3 [internal] load .dockerignore
#3 transferring context: 2B done
#3 DONE 0.0s

#4 [1/5] FROM public.ecr.aws/ubuntu/ubuntu:20.04@sha256:7e9558e1203a9a2b0967554abf9ebdc5552f29013b01f6e7271bf2d776d51234
#4 resolve public.ecr.aws/ubuntu/ubuntu:20.04@sha256:7e9558e1203a9a2b0967554abf9ebdc5552f29013b01f6e7271bf2d776d51234 0.0s done
#4 CACHED

#5 [internal] load build context
#5 transferring context: 55B done
#5 DONE 0.0s

#6 [2/5] RUN apt-get update && apt-get install -y --no-install-recommends gcc make libc6-dev git python3     && rm -rf /var/lib/apt/lists/*
#6 1.536 Get:1 http://security.ubuntu.com/ubuntu focal-security InRelease [128 kB]
#6 1.716 Get:2 http://archive.ubuntu.com/ubuntu focal InRelease [265 kB]
#6 4.517 Get:3 http://security.ubuntu.com/ubuntu focal-security/main amd64 Packages [4368 kB]
#6 6.479 Get:4 http://archive.ubuntu.com/ubuntu focal-updates InRelease [128 kB]
#6 8.423 Get:5 http://archive.ubuntu.com/ubuntu focal-backports InRelease [128 kB]
#6 10.33 Get:6 http://archive.ubuntu.com/ubuntu focal/universe amd64 Packages [11.3 MB]
#6 32.80 Get:7 http://security.ubuntu.com/ubuntu focal-security/restricted amd64 Packages [4710 kB]
#6 103.6 Get:8 http://security.ubuntu.com/ubuntu focal-security/multiverse amd64 Packages [32.5 kB]
#6 105.1 Get:9 http://security.ubuntu.com/ubuntu focal-security/universe amd64 Packages [1300 kB]
#6 186.8 Get:10 http://archive.ubuntu.com/ubuntu focal/multiverse amd64 Packages [177 kB]
#6 193.6 Get:11 http://archive.ubuntu.com/ubuntu focal/main amd64 Packages [1275 kB]
#6 212.8 Get:12 http://archive.ubuntu.com/ubuntu focal/restricted amd64 Packages [33.4 kB]
#6 242.9 Ign:12 http://archive.ubuntu.com/ubuntu focal/restricted amd64 Packages
#6 244.9 Get:13 http://archive.ubuntu.com/ubuntu focal-updates/multiverse amd64 Packages [36.2 kB]
#6 246.8 Get:14 http://archive.ubuntu.com/ubuntu focal-updates/main amd64 Packages [4850 kB]
#6 270.3 Get:15 http://archive.ubuntu.com/ubuntu focal-updates/restricted amd64 Packages [4904 kB]
#6 290.0 Get:16 http://archive.ubuntu.com/ubuntu focal-updates/universe amd64 Packages [1588 kB]
#6 314.1 Get:17 http://archive.ubuntu.com/ubuntu focal-backports/main amd64 Packages [54.7 kB]
#6 318.5 Get:18 http://archive.ubuntu.com/ubuntu focal-backports/universe amd64 Packages [28.4 kB]
#6 321.2 Get:12 http://archive.ubuntu.com/ubuntu focal/restricted amd64 Packages [33.4 kB]
#6 321.7 Fetched 35.3 MB in 5min 21s (110 kB/s)
#6 321.7 Reading package lists...
#6 322.4 Reading package lists...
#6 323.2 Building dependency tree...
#6 323.3 Reading state information...
#6 323.4 The following additional packages will be installed:
#6 323.4   binutils binutils-common binutils-x86-64-linux-gnu cpp cpp-9 gcc-9
#6 323.4   gcc-9-base git-man libasan5 libasn1-8-heimdal libatomic1 libbinutils
#6 323.4   libbrotli1 libc-dev-bin libcc1-0 libcrypt-dev libctf-nobfd0 libctf0
#6 323.4   libcurl3-gnutls liberror-perl libexpat1 libgcc-9-dev libgdbm-compat4
#6 323.4   libgdbm6 libgomp1 libgssapi-krb5-2 libgssapi3-heimdal libhcrypto4-heimdal
#6 323.4   libheimbase1-heimdal libheimntlm0-heimdal libhx509-5-heimdal libisl22
#6 323.4   libitm1 libk5crypto3 libkeyutils1 libkrb5-26-heimdal libkrb5-3
#6 323.4   libkrb5support0 libldap-2.4-2 libldap-common liblsan0 libmpc3 libmpdec2
#6 323.4   libmpfr6 libnghttp2-14 libperl5.30 libpsl5 libpython3-stdlib
#6 323.4   libpython3.8-minimal libpython3.8-stdlib libquadmath0 libreadline8
#6 323.4   libroken18-heimdal librtmp1 libsasl2-2 libsasl2-modules-db libsqlite3-0
#6 323.4   libssh-4 libssl1.1 libtsan0 libubsan1 libwind0-heimdal linux-libc-dev
#6 323.4   mime-support perl perl-modules-5.30 python3-minimal python3.8
#6 323.4   python3.8-minimal readline-common
#6 323.4 Suggested packages:
#6 323.4   binutils-doc cpp-doc gcc-9-locales gcc-multilib manpages-dev autoconf
#6 323.4   automake libtool flex bison gdb gcc-doc gcc-9-multilib gcc-9-doc
#6 323.4   gettext-base git-daemon-run | git-daemon-sysvinit git-doc git-el git-email
#6 323.4   git-gui gitk gitweb git-cvs git-mediawiki git-svn glibc-doc gdbm-l10n
#6 323.4   krb5-doc krb5-user make-doc perl-doc libterm-readline-gnu-perl
#6 323.4   | libterm-readline-perl-perl libb-debug-perl liblocale-codes-perl
#6 323.4   python3-doc python3-tk python3-venv python3.8-venv python3.8-doc
#6 323.4   binfmt-support readline-doc
#6 323.4 Recommended packages:
#6 323.4   ca-certificates patch less ssh-client manpages manpages-dev krb5-locales
#6 323.4   publicsuffix libsasl2-modules file xz-utils netbase
#6 323.5 The following NEW packages will be installed:
#6 323.5   binutils binutils-common binutils-x86-64-linux-gnu cpp cpp-9 gcc gcc-9
#6 323.5   gcc-9-base git git-man libasan5 libasn1-8-heimdal libatomic1 libbinutils
#6 323.5   libbrotli1 libc-dev-bin libc6-dev libcc1-0 libcrypt-dev libctf-nobfd0
#6 323.5   libctf0 libcurl3-gnutls liberror-perl libexpat1 libgcc-9-dev libgdbm-compat4
#6 323.5   libgdbm6 libgomp1 libgssapi-krb5-2 libgssapi3-heimdal libhcrypto4-heimdal
#6 323.5   libheimbase1-heimdal libheimntlm0-heimdal libhx509-5-heimdal libisl22
#6 323.5   libitm1 libk5crypto3 libkeyutils1 libkrb5-26-heimdal libkrb5-3
#6 323.5   libkrb5support0 libldap-2.4-2 libldap-common liblsan0 libmpc3 libmpdec2
#6 323.5   libmpfr6 libnghttp2-14 libperl5.30 libpsl5 libpython3-stdlib
#6 323.5   libpython3.8-minimal libpython3.8-stdlib libquadmath0 libreadline8
#6 323.5   libroken18-heimdal librtmp1 libsasl2-2 libsasl2-modules-db libsqlite3-0
#6 323.5   libssh-4 libssl1.1 libtsan0 libubsan1 libwind0-heimdal linux-libc-dev make
#6 323.5   mime-support perl perl-modules-5.30 python3 python3-minimal python3.8
#6 323.5   python3.8-minimal readline-common
#6 324.7 0 upgraded, 75 newly installed, 0 to remove and 1 not upgraded.
#6 324.7 Need to get 54.1 MB of archives.
#6 324.7 After this operation, 268 MB of additional disk space will be used.
#6 324.7 Get:1 http://archive.ubuntu.com/ubuntu focal-updates/main amd64 libssl1.1 amd64 1.1.1f-1ubuntu2.24 [1323 kB]
#6 336.7 Get:2 http://archive.ubuntu.com/ubuntu focal-updates/main amd64 libpython3.8-minimal amd64 3.8.10-0ubuntu1~20.04.18 [721 kB]
#6 347.7 Get:3 http://archive.ubuntu.com/ubuntu focal-updates/main amd64 libexpat1 amd64 2.2.9-1ubuntu0.8 [75.6 kB]
#6 350.1 Get:4 http://archive.ubuntu.com/ubuntu focal-updates/main amd64 python3.8-minimal amd64 3.8.10-0ubuntu1~20.04.18 [1900 kB]
#6 357.3 Get:5 http://archive.ubuntu.com/ubuntu focal/main amd64 python3-minimal amd64 3.8.2-0ubuntu2 [23.6 kB]
#6 359.8 Get:6 http://archive.ubuntu.com/ubuntu focal/main amd64 mime-support all 3.64ubuntu1 [30.6 kB]
#6 360.8 Get:7 http://archive.ubuntu.com/ubuntu focal/main amd64 libmpdec2 amd64 2.4.2-3 [81.1 kB]
#6 363.6 Get:8 http://archive.ubuntu.com/ubuntu focal/main amd64 readline-common all 8.0-4 [53.5 kB]
#6 367.9 Get:9 http://archive.ubuntu.com/ubuntu focal/main amd64 libreadline8 amd64 8.0-4 [131 kB]
#6 371.0 Get:10 http://archive.ubuntu.com/ubuntu focal-updates/main amd64 libsqlite3-0 amd64 3.31.1-4ubuntu0.7 [549 kB]
#6 375.3 Get:11 http://archive.ubuntu.com/ubuntu focal-updates/main amd64 libpython3.8-stdlib amd64 3.8.10-0ubuntu1~20.04.18 [1676 kB]
#6 380.6 Get:12 http://archive.ubuntu.com/ubuntu focal-updates/main amd64 python3.8 amd64 3.8.10-0ubuntu1~20.04.18 [387 kB]
#6 384.7 Get:13 http://archive.ubuntu.com/ubuntu focal/main amd64 libpython3-stdlib amd64 3.8.2-0ubuntu2 [7068 B]
#6 386.3 Get:14 http://archive.ubuntu.com/ubuntu focal/main amd64 python3 amd64 3.8.2-0ubuntu2 [47.6 kB]
#6 387.6 Get:15 http://archive.ubuntu.com/ubuntu focal-updates/main amd64 perl-modules-5.30 all 5.30.0-9ubuntu0.5 [2739 kB]
#6 399.8 Get:16 http://archive.ubuntu.com/ubuntu focal/main amd64 libgdbm6 amd64 1.18.1-5 [27.4 kB]
#6 403.2 Get:17 http://archive.ubuntu.com/ubuntu focal/main amd64 libgdbm-compat4 amd64 1.18.1-5 [6244 B]
#6 403.9 Get:18 http://archive.ubuntu.com/ubuntu focal-updates/main amd64 libperl5.30 amd64 5.30.0-9ubuntu0.5 [3941 kB]
#6 415.4 Get:19 http://archive.ubuntu.com/ubuntu focal-updates/main amd64 perl amd64 5.30.0-9ubuntu0.5 [224 kB]
#6 418.8 Get:20 http://archive.ubuntu.com/ubuntu focal-updates/main amd64 libkrb5support0 amd64 1.17-6ubuntu4.11 [31.5 kB]
#6 420.8 Get:21 http://archive.ubuntu.com/ubuntu focal-updates/main amd64 libk5crypto3 amd64 1.17-6ubuntu4.11 [80.3 kB]
#6 422.7 Get:22 http://archive.ubuntu.com/ubuntu focal-updates/main amd64 libkeyutils1 amd64 1.6-6ubuntu1.1 [10.3 kB]
#6 423.7 Get:23 http://archive.ubuntu.com/ubuntu focal-updates/main amd64 libkrb5-3 amd64 1.17-6ubuntu4.11 [330 kB]
#6 427.3 Get:24 http://archive.ubuntu.com/ubuntu focal-updates/main amd64 libgssapi-krb5-2 amd64 1.17-6ubuntu4.11 [121 kB]
#6 431.4 Get:25 http://archive.ubuntu.com/ubuntu focal/main amd64 libpsl5 amd64 0.21.0-1ubuntu1 [51.5 kB]
#6 434.7 Get:26 http://archive.ubuntu.com/ubuntu focal-updates/main amd64 binutils-common amd64 2.34-6ubuntu1.11 [208 kB]
#6 440.9 Get:27 http://archive.ubuntu.com/ubuntu focal-updates/main amd64 libbinutils amd64 2.34-6ubuntu1.11 [475 kB]
#6 447.5 Get:28 http://archive.ubuntu.com/ubuntu focal-updates/main amd64 libctf-nobfd0 amd64 2.34-6ubuntu1.11 [48.2 kB]
#6 451.1 Get:29 http://archive.ubuntu.com/ubuntu focal-updates/main amd64 libctf0 amd64 2.34-6ubuntu1.11 [46.6 kB]
#6 452.1 Get:30 http://archive.ubuntu.com/ubuntu focal-updates/main amd64 binutils-x86-64-linux-gnu amd64 2.34-6ubuntu1.11 [1612 kB]
#6 464.3 Get:31 http://archive.ubuntu.com/ubuntu focal-updates/main amd64 binutils amd64 2.34-6ubuntu1.11 [3380 B]
#6 466.1 Get:32 http://archive.ubuntu.com/ubuntu focal-updates/main amd64 gcc-9-base amd64 9.4.0-1ubuntu1~20.04.2 [18.9 kB]
#6 467.8 Get:33 http://archive.ubuntu.com/ubuntu focal/main amd64 libisl22 amd64 0.22.1-1 [592 kB]
#6 477.0 Get:34 http://archive.ubuntu.com/ubuntu focal/main amd64 libmpfr6 amd64 4.0.2-1 [240 kB]
#6 480.1 Get:35 http://archive.ubuntu.com/ubuntu focal/main amd64 libmpc3 amd64 1.1.0-1 [40.8 kB]
#6 481.3 Get:36 http://archive.ubuntu.com/ubuntu focal-updates/main amd64 cpp-9 amd64 9.4.0-1ubuntu1~20.04.2 [7502 kB]
#6 503.5 Get:37 http://archive.ubuntu.com/ubuntu focal/main amd64 cpp amd64 4:9.3.0-1ubuntu2 [27.6 kB]
#6 504.8 Get:38 http://archive.ubuntu.com/ubuntu focal-updates/main amd64 libcc1-0 amd64 10.5.0-1ubuntu1~20.04 [48.8 kB]
#6 506.9 Get:39 http://archive.ubuntu.com/ubuntu focal-updates/main amd64 libgomp1 amd64 10.5.0-1ubuntu1~20.04 [102 kB]
#6 509.2 Get:40 http://archive.ubuntu.com/ubuntu focal-updates/main amd64 libitm1 amd64 10.5.0-1ubuntu1~20.04 [26.2 kB]
#6 511.2 Get:41 http://archive.ubuntu.com/ubuntu focal-updates/main amd64 libatomic1 amd64 10.5.0-1ubuntu1~20.04 [9284 B]
#6 541.5 Ign:42 http://archive.ubuntu.com/ubuntu focal-updates/main amd64 libasan5 amd64 9.4.0-1ubuntu1~20.04.2
#6 541.5 Ign:43 http://archive.ubuntu.com/ubuntu focal-updates/main amd64 liblsan0 amd64 10.5.0-1ubuntu1~20.04
#6 541.5 Ign:44 http://archive.ubuntu.com/ubuntu focal-updates/main amd64 libtsan0 amd64 10.5.0-1ubuntu1~20.04
#6 541.5 Ign:45 http://archive.ubuntu.com/ubuntu focal-updates/main amd64 libubsan1 amd64 10.5.0-1ubuntu1~20.04
#6 541.5 Ign:46 http://archive.ubuntu.com/ubuntu focal-updates/main amd64 libquadmath0 amd64 10.5.0-1ubuntu1~20.04
#6 541.5 Ign:47 http://archive.ubuntu.com/ubuntu focal-updates/main amd64 libgcc-9-dev amd64 9.4.0-1ubuntu1~20.04.2
#6 541.5 Ign:48 http://archive.ubuntu.com/ubuntu focal-updates/main amd64 gcc-9 amd64 9.4.0-1ubuntu1~20.04.2
#6 541.5 Err:49 http://archive.ubuntu.com/ubuntu focal/main amd64 gcc amd64 4:9.3.0-1ubuntu2
#6 541.5   Unable to connect to host.docker.internal:18763: [IP: 192.168.65.254 18763]
#6 541.5 Ign:50 http://archive.ubuntu.com/ubuntu focal-updates/main amd64 libbrotli1 amd64 1.0.7-6ubuntu0.1
#6 541.5 Ign:51 http://archive.ubuntu.com/ubuntu focal-updates/main amd64 libroken18-heimdal amd64 7.7.0+dfsg-1ubuntu1.4
#6 541.5 Ign:52 http://archive.ubuntu.com/ubuntu focal-updates/main amd64 libasn1-8-heimdal amd64 7.7.0+dfsg-1ubuntu1.4
#6 541.5 Ign:53 http://archive.ubuntu.com/ubuntu focal-updates/main amd64 libheimbase1-heimdal amd64 7.7.0+dfsg-1ubuntu1.4
#6 541.5 Ign:54 http://archive.ubuntu.com/ubuntu focal-updates/main amd64 libhcrypto4-heimdal amd64 7.7.0+dfsg-1ubuntu1.4
#6 541.5 Ign:55 http://archive.ubuntu.com/ubuntu focal-updates/main amd64 libwind0-heimdal amd64 7.7.0+dfsg-1ubuntu1.4
#6 541.5 Ign:56 http://archive.ubuntu.com/ubuntu focal-updates/main amd64 libhx509-5-heimdal amd64 7.7.0+dfsg-1ubuntu1.4
#6 541.5 Ign:57 http://archive.ubuntu.com/ubuntu focal-updates/main amd64 libkrb5-26-heimdal amd64 7.7.0+dfsg-1ubuntu1.4
#6 541.5 Ign:58 http://archive.ubuntu.com/ubuntu focal-updates/main amd64 libheimntlm0-heimdal amd64 7.7.0+dfsg-1ubuntu1.4
#6 541.5 Ign:59 http://archive.ubuntu.com/ubuntu focal-updates/main amd64 libgssapi3-heimdal amd64 7.7.0+dfsg-1ubuntu1.4
#6 541.5 Ign:60 http://archive.ubuntu.com/ubuntu focal-updates/main amd64 libsasl2-modules-db amd64 2.1.27+dfsg-2ubuntu0.1
#6 541.5 Ign:61 http://archive.ubuntu.com/ubuntu focal-updates/main amd64 libsasl2-2 amd64 2.1.27+dfsg-2ubuntu0.1
#6 541.5 Ign:62 http://archive.ubuntu.com/ubuntu focal-updates/main amd64 libldap-common all 2.4.49+dfsg-2ubuntu1.10
#6 541.5 Ign:63 http://archive.ubuntu.com/ubuntu focal-updates/main amd64 libldap-2.4-2 amd64 2.4.49+dfsg-2ubuntu1.10
#6 541.5 Ign:64 http://archive.ubuntu.com/ubuntu focal-updates/main amd64 libnghttp2-14 amd64 1.40.0-1ubuntu0.3
#6 541.5 Err:65 http://archive.ubuntu.com/ubuntu focal/main amd64 librtmp1 amd64 2.4+20151223.gitfa8646d.1-2build1
#6 541.5   Unable to connect to host.docker.internal:18763: [IP: 192.168.65.254 18763]
#6 541.5 Ign:66 http://archive.ubuntu.com/ubuntu focal-updates/main amd64 libssh-4 amd64 0.9.3-2ubuntu2.5
#6 541.5 Ign:67 http://archive.ubuntu.com/ubuntu focal-updates/main amd64 libcurl3-gnutls amd64 7.68.0-1ubuntu2.25
#6 541.5 Err:68 http://archive.ubuntu.com/ubuntu focal/main amd64 liberror-perl all 0.17029-1
#6 541.5   Unable to connect to host.docker.internal:18763: [IP: 192.168.65.254 18763]
#6 541.5 Ign:69 http://archive.ubuntu.com/ubuntu focal-updates/main amd64 git-man all 1:2.25.1-1ubuntu3.14
#6 541.5 Ign:70 http://archive.ubuntu.com/ubuntu focal-updates/main amd64 git amd64 1:2.25.1-1ubuntu3.14
#6 541.5 Ign:71 http://archive.ubuntu.com/ubuntu focal-updates/main amd64 libc-dev-bin amd64 2.31-0ubuntu9.18
#6 541.5 Ign:72 http://archive.ubuntu.com/ubuntu focal-updates/main amd64 linux-libc-dev amd64 5.4.0-216.236
#6 541.5 Err:73 http://archive.ubuntu.com/ubuntu focal/main amd64 libcrypt-dev amd64 1:4.4.10-10ubuntu4
#6 541.5   Unable to connect to host.docker.internal:18763: [IP: 192.168.65.254 18763]
#6 541.5 Ign:74 http://archive.ubuntu.com/ubuntu focal-updates/main amd64 libc6-dev amd64 2.31-0ubuntu9.18
#6 541.5 Err:75 http://archive.ubuntu.com/ubuntu focal/main amd64 make amd64 4.2.1-1.2
#6 541.5   Unable to connect to host.docker.internal:18763: [IP: 192.168.65.254 18763]
#6 542.5 Get:42 http://security.ubuntu.com/ubuntu focal-updates/main amd64 libasan5 amd64 9.4.0-1ubuntu1~20.04.2 [2752 kB]
#6 583.0 Get:43 http://security.ubuntu.com/ubuntu focal-updates/main amd64 liblsan0 amd64 10.5.0-1ubuntu1~20.04 [835 kB]
#6 590.1 Get:44 http://security.ubuntu.com/ubuntu focal-updates/main amd64 libtsan0 amd64 10.5.0-1ubuntu1~20.04 [2016 kB]
#6 598.0 Get:45 http://security.ubuntu.com/ubuntu focal-updates/main amd64 libubsan1 amd64 10.5.0-1ubuntu1~20.04 [785 kB]
#6 611.0 Get:46 http://security.ubuntu.com/ubuntu focal-updates/main amd64 libquadmath0 amd64 10.5.0-1ubuntu1~20.04 [146 kB]
#6 614.8 Get:47 http://security.ubuntu.com/ubuntu focal-updates/main amd64 libgcc-9-dev amd64 9.4.0-1ubuntu1~20.04.2 [2359 kB]
#6 633.9 Get:48 http://security.ubuntu.com/ubuntu focal-updates/main amd64 gcc-9 amd64 9.4.0-1ubuntu1~20.04.2 [8276 kB]
#6 672.1 Get:50 http://security.ubuntu.com/ubuntu focal-updates/main amd64 libbrotli1 amd64 1.0.7-6ubuntu0.1 [267 kB]
#6 675.7 Get:51 http://security.ubuntu.com/ubuntu focal-updates/main amd64 libroken18-heimdal amd64 7.7.0+dfsg-1ubuntu1.4 [42.5 kB]
#6 678.3 Get:52 http://security.ubuntu.com/ubuntu focal-updates/main amd64 libasn1-8-heimdal amd64 7.7.0+dfsg-1ubuntu1.4 [181 kB]
#6 681.3 Get:53 http://security.ubuntu.com/ubuntu focal-updates/main amd64 libheimbase1-heimdal amd64 7.7.0+dfsg-1ubuntu1.4 [30.4 kB]
#6 684.2 Get:54 http://security.ubuntu.com/ubuntu focal-updates/main amd64 libhcrypto4-heimdal amd64 7.7.0+dfsg-1ubuntu1.4 [88.1 kB]
#6 686.2 Get:55 http://security.ubuntu.com/ubuntu focal-updates/main amd64 libwind0-heimdal amd64 7.7.0+dfsg-1ubuntu1.4 [47.7 kB]
#6 688.7 Get:56 http://security.ubuntu.com/ubuntu focal-updates/main amd64 libhx509-5-heimdal amd64 7.7.0+dfsg-1ubuntu1.4 [107 kB]
#6 690.6 Get:57 http://security.ubuntu.com/ubuntu focal-updates/main amd64 libkrb5-26-heimdal amd64 7.7.0+dfsg-1ubuntu1.4 [207 kB]
#6 694.9 Get:58 http://security.ubuntu.com/ubuntu focal-updates/main amd64 libheimntlm0-heimdal amd64 7.7.0+dfsg-1ubuntu1.4 [15.1 kB]
#6 697.2 Get:59 http://security.ubuntu.com/ubuntu focal-updates/main amd64 libgssapi3-heimdal amd64 7.7.0+dfsg-1ubuntu1.4 [96.5 kB]
#6 699.8 Get:60 http://security.ubuntu.com/ubuntu focal-updates/main amd64 libsasl2-modules-db amd64 2.1.27+dfsg-2ubuntu0.1 [14.7 kB]
#6 701.3 Get:61 http://security.ubuntu.com/ubuntu focal-updates/main amd64 libsasl2-2 amd64 2.1.27+dfsg-2ubuntu0.1 [49.3 kB]
#6 703.9 Get:62 http://security.ubuntu.com/ubuntu focal-updates/main amd64 libldap-common all 2.4.49+dfsg-2ubuntu1.10 [16.5 kB]
#6 706.4 Get:63 http://security.ubuntu.com/ubuntu focal-updates/main amd64 libldap-2.4-2 amd64 2.4.49+dfsg-2ubuntu1.10 [155 kB]
#6 710.6 Get:64 http://security.ubuntu.com/ubuntu focal-updates/main amd64 libnghttp2-14 amd64 1.40.0-1ubuntu0.3 [79.9 kB]
#6 711.9 Get:66 http://security.ubuntu.com/ubuntu focal-updates/main amd64 libssh-4 amd64 0.9.3-2ubuntu2.5 [171 kB]
#6 718.7 Get:67 http://security.ubuntu.com/ubuntu focal-updates/main amd64 libcurl3-gnutls amd64 7.68.0-1ubuntu2.25 [233 kB]
#6 722.0 Get:69 http://security.ubuntu.com/ubuntu focal-updates/main amd64 git-man all 1:2.25.1-1ubuntu3.14 [887 kB]
#6 735.2 Get:70 http://security.ubuntu.com/ubuntu focal-updates/main amd64 git amd64 1:2.25.1-1ubuntu3.14 [4613 kB]

