== style=target-style
== fixture_dir: /mnt/c/Users/Lenovo/AppData/Roaming/TRAE SOLO CN/ModularData/ai-agent/work-mode-projects/6ab1e675e64c8e2590415ad7/_dev/b13-work/fixtures/mdfixer/target-style
== fixture_commit（引入该 fixture 的真实提交）: 84f6e9df0ec021ed4e5fb41239aab4657b6f96ef
== evidence_dir: /mnt/c/Users/Lenovo/AppData/Roaming/TRAE SOLO CN/ModularData/ai-agent/work-mode-projects/6ab1e675e64c8e2590415ad7/_dev/b13-work/evidence/E3/2026-09-27-001743-mdfixer-target-style
== HEAD=fbb794b6075b3a9f69e21b390ddcc1fef68db54a dirty=False
== Oracle 来源: B13_MANUAL_ORACLE（课程固定 Oracle 程序化实现）；A13 EChecker 未执行
[PASS] S0.report-commit — 期望: md-report.json 引用的 fixture 提交与 git 历史一致（真实提交） | 实际: 报告引用=84f6e9df0ec021ed4e5fb41239aab4657b6f96ef，git 历史=84f6e9df0ec021ed4e5fb41239aab4657b6f96ef
$ /usr/bin/make --version
cwd=/mnt/c/Users/Lenovo/AppData/Roaming/TRAE SOLO CN/ModularData/ai-agent/work-mode-projects/6ab1e675e64c8e2590415ad7/_dev/b13-work exit=0
stdout:
GNU Make 4.3
Built for x86_64-pc-linux-gnu
Copyright (C) 1988-2020 Free Software Foundation, Inc.
License GPLv3+: GNU GPL version 3 or later <http://gnu.org/licenses/gpl.html>
This is free software: you are free to change and redistribute it.
There is NO WARRANTY, to the extent permitted by law.
$ /usr/bin/cc --version
cwd=/mnt/c/Users/Lenovo/AppData/Roaming/TRAE SOLO CN/ModularData/ai-agent/work-mode-projects/6ab1e675e64c8e2590415ad7/_dev/b13-work exit=0
stdout:
cc (Ubuntu 11.4.0-1ubuntu1~22.04.3) 11.4.0
Copyright (C) 2021 Free Software Foundation, Inc.
This is free software; see the source for copying conditions.  There is NO
warranty; not even for MERCHANTABILITY or FITNESS FOR A PARTICULAR PURPOSE.
$ /usr/bin/git --version
cwd=/mnt/c/Users/Lenovo/AppData/Roaming/TRAE SOLO CN/ModularData/ai-agent/work-mode-projects/6ab1e675e64c8e2590415ad7/_dev/b13-work exit=0
stdout:
git version 2.34.1
== workdir: /tmp/mdfixer-target-style-t5no98k4
$ /usr/bin/make CC=/usr/bin/cc
cwd=/tmp/mdfixer-target-style-t5no98k4 exit=0
stdout:
/usr/bin/cc -O0 -c main.c -o main.o
/usr/bin/cc main.o -o app
[PASS] S1.build-before — 期望: 修复前完整构建退出码为 0 | 实际: exit=0
$ /tmp/mdfixer-target-style-t5no98k4/app
cwd=/tmp/mdfixer-target-style-t5no98k4 exit=0
stdout:
1
[PASS] S1.output-before — 期望: VALUE=1 完整构建后程序输出 1 且正常退出 | 实际: exit=0 stdout='1'
$ /usr/bin/make CC=/usr/bin/cc
cwd=/tmp/mdfixer-target-style-t5no98k4 exit=0
stdout:
make: Nothing to be done for 'all'.
[PASS] S3.no-rebuild-before — 期望: 修复前只改 config.h 后普通 make 成功且不重编译 main.o（复现漏重建） | 实际: make_exit=0，main.o 重编译=False
$ /tmp/mdfixer-target-style-t5no98k4/app
cwd=/tmp/mdfixer-target-style-t5no98k4 exit=0
stdout:
1
[PASS] S3.stale-output — 期望: 修复前增量构建后程序仍输出旧值 1 且正常退出 | 实际: exit=0 stdout='1'
[PASS] S3.oracle-before — 期望: 课程固定 Oracle 在修复前报告 1 条 MISSING(main.o→config.h) | 实际: {"target": "main.o", "declared": ["main.c"], "actual": ["config.h", "main.c"], "missing": ["config.h"], "redundant": []}
$ /usr/bin/git apply --check /mnt/c/Users/Lenovo/AppData/Roaming/TRAE SOLO CN/ModularData/ai-agent/work-mode-projects/6ab1e675e64c8e2590415ad7/_dev/b13-work/fixtures/mdfixer/target-style/reference.patch
cwd=/tmp/mdfixer-target-style-t5no98k4 exit=0
[PASS] S4.apply-check — 期望: git apply --check reference.patch 通过 | 实际: exit=0
$ /usr/bin/git apply /mnt/c/Users/Lenovo/AppData/Roaming/TRAE SOLO CN/ModularData/ai-agent/work-mode-projects/6ab1e675e64c8e2590415ad7/_dev/b13-work/fixtures/mdfixer/target-style/reference.patch
cwd=/tmp/mdfixer-target-style-t5no98k4 exit=0
[PASS] S4.apply — 期望: git apply reference.patch 成功 | 实际: exit=0
[PASS] S4.patch-minimal — 期望: 补丁只修改指定 Makefile 的必要依赖声明（文件范围+行内容+应用后实际变更） | 实际: diff 文件=['Makefile']，范围问题=[]，违例行=[]，实际变更=['Makefile']，意外文件=[]
$ /usr/bin/make CC=/usr/bin/cc
cwd=/tmp/mdfixer-target-style-t5no98k4 exit=0
stdout:
/usr/bin/cc -O0 -c main.c -o main.o
/usr/bin/cc main.o -o app
[PASS] S5.build-after — 期望: 修复后完整构建退出码为 0 | 实际: exit=0
$ /tmp/mdfixer-target-style-t5no98k4/app
cwd=/tmp/mdfixer-target-style-t5no98k4 exit=0
stdout:
2
[PASS] S5.output-after — 期望: 修复后完整构建输出当前 VALUE=2 且正常退出 | 实际: exit=0 stdout='2'
$ /usr/bin/make CC=/usr/bin/cc
cwd=/tmp/mdfixer-target-style-t5no98k4 exit=0
stdout:
/usr/bin/cc -O0 -c main.c -o main.o
/usr/bin/cc main.o -o app
[PASS] S7.incremental-rebuild — 期望: 修复后修改 config.h，普通 make 成功且触发 main.o 重编译 | 实际: make_exit=0，main.o 重编译=True
$ /tmp/mdfixer-target-style-t5no98k4/app
cwd=/tmp/mdfixer-target-style-t5no98k4 exit=0
stdout:
3
[PASS] S8.incremental-output — 期望: 修复后增量构建输出新值 3 且正常退出 | 实际: exit=0 stdout='3'
[PASS] S9.oracle-after — 期望: 修复后课程固定 Oracle 重检 MD 数量为 0 | 实际: {"target": "main.o", "declared": ["config.h", "main.c"], "actual": ["config.h", "main.c"], "missing": [], "redundant": []}
[PASS] S10.style-consistency — 期望: 修复前后声明风格一致（期望 TARGET） | 实际: before=TARGET after=TARGET
$ /usr/bin/make CC=/usr/bin/cc
cwd=/tmp/mdfixer-target-style-equiv-tgmlz6t6 exit=0
stdout:
/usr/bin/cc -O0 -c main.c -o main.o
/usr/bin/cc main.o -o app
$ /tmp/mdfixer-target-style-equiv-tgmlz6t6/app
cwd=/tmp/mdfixer-target-style-equiv-tgmlz6t6 exit=0
stdout:
1
[PASS] S11.behavior-equivalence — 期望: 修复后 clean build（VALUE=1）构建成功且程序行为与修复前一致 | 实际: make_exit=0 app_exit=0 stdout='1'
[PASS] S11.artifact-hash — 期望: 补充检查：修复前后 VALUE=1 产物 SHA-256 一致 | 实际: sha256=c34d0d6e9e90d8226f45e9500d107f63e1e1fe06d56211b81895a89896d2adc3
$ /usr/bin/git apply --check /mnt/c/Users/Lenovo/AppData/Roaming/TRAE SOLO CN/ModularData/ai-agent/work-mode-projects/6ab1e675e64c8e2590415ad7/_dev/b13-work/fixtures/mdfixer/target-style/invalid.patch
cwd=/tmp/mdfixer-target-style-reject-b0h8r0kq exit=0
[PASS] S12.invalid-apply-check — 期望: git apply --check invalid.patch 通过（补丁格式合法、可干净应用） | 实际: exit=0
$ /usr/bin/git apply /mnt/c/Users/Lenovo/AppData/Roaming/TRAE SOLO CN/ModularData/ai-agent/work-mode-projects/6ab1e675e64c8e2590415ad7/_dev/b13-work/fixtures/mdfixer/target-style/invalid.patch
cwd=/tmp/mdfixer-target-style-reject-b0h8r0kq exit=0
[PASS] S12.invalid-apply — 期望: git apply invalid.patch 成功 | 实际: exit=0
$ /usr/bin/make CC=/usr/bin/cc
cwd=/tmp/mdfixer-target-style-reject-b0h8r0kq exit=2
stdout:
false # intentionally invalid candidate
stderr:
make: *** [Makefile:10: main.o] Error 1
[PASS] S12.invalid-rejected — 期望: 应用无效候选后构建失败（退出码非 0），候选被拒绝 | 实际: exit=2
$ /usr/bin/make CC=/usr/bin/cc
cwd=/tmp/mdfixer-target-style-reject-b0h8r0kq exit=0
stdout:
/usr/bin/cc -O0 -c main.c -o main.o
/usr/bin/cc main.o -o app
$ /tmp/mdfixer-target-style-reject-b0h8r0kq/app
cwd=/tmp/mdfixer-target-style-reject-b0h8r0kq exit=0
stdout:
1
[PASS] S12.recovery — 期望: 恢复原始 Makefile 后完整构建成功且程序输出 1 并正常退出 | 实际: build_exit=0 app_exit=0 stdout='1'
== style=target-style 总体结果: PASS (PASS=21 FAIL=0 SKIPPED=0)
