{"id": "cmd-1", "argv": ["docker", "image", "inspect", "b13-draft-reference:20260924191953"], "cwd": "C:\\Users\\X\\桌面\\note\\devops\\project b13\\2026-Devops-B13", "started_at": "2026-09-26T06:07:40.951449+00:00", "exit_code": 0, "timed_out": false, "execution_error": null, "finished_at": "2026-09-26T06:07:41.104783+00:00", "stdout_path": "001.stdout.log", "stderr_path": "001.stderr.log"}
[stdout]
[
    {
        "Id": "sha256:18135e3075fd8211e4b2feeed0c972958835076339907782dc8c56e53940359b",
        "RepoTags": [
            "b13-draft-reference:20260924191953"
        ],
        "RepoDigests": [
            "b13-draft-reference@sha256:18135e3075fd8211e4b2feeed0c972958835076339907782dc8c56e53940359b"
        ],
        "Comment": "buildkit.dockerfile.v0",
        "Created": "2026-09-24T11:21:05.502079532Z",
        "Config": {
            "Env": [
                "PATH=/usr/local/sbin:/usr/local/bin:/usr/sbin:/usr/bin:/sbin:/bin"
            ],
            "Cmd": [
                "./hello"
            ],
            "WorkingDir": "/workspace/project",
            "Labels": {
                "org.opencontainers.image.ref.name": "ubuntu",
                "org.opencontainers.image.version": "20.04"
            },
            "ArgsEscaped": true
        },
        "Architecture": "amd64",
        "Os": "linux",
        "Size": 116990410,
        "RootFS": {
            "Type": "layers",
            "Layers": [
                "sha256:e7b3d1ccfa9cbf3f128b83f40f03caeb9a3a272a7bad2b020360ae51c00ab9c6",
                "sha256:26df0d242fde79971d1e897db2e61d7757d976756abfc6796f55b304814fdec2",
                "sha256:958a22bd65a88d72a9e6d38ec3c8832fe90270b939e094255cbf2d4493e1a1c4",
                "sha256:fcb3b0b388d3adef9580cf66f7b38616a5024366b0d79598a73b16b5237fc9e6",
                "sha256:66960ac7176ca54e5c0a0d817592742f64c4d21e056c319819269ac14b0bc58e"
            ]
        },
        "Metadata": {
            "LastTagTime": "2026-09-24T11:21:13.242097287Z"
        },
        "Descriptor": {
            "mediaType": "application/vnd.oci.image.index.v1+json",
            "digest": "sha256:18135e3075fd8211e4b2feeed0c972958835076339907782dc8c56e53940359b",
            "size": 856
        },
        "Identity": {
            "Build": [
                {
                    "Ref": "yuzpcjk4drfe6a0ngavdp7hrp",
                    "CreatedAt": "2026-09-24T11:21:14.876859002Z"
                }
            ]
        }
    }
]

[stderr]

{"id": "cmd-2", "argv": ["docker", "run", "--rm", "sha256:18135e3075fd8211e4b2feeed0c972958835076339907782dc8c56e53940359b"], "cwd": "C:\\Users\\X\\桌面\\note\\devops\\project b13\\2026-Devops-B13", "started_at": "2026-09-26T06:07:41.105784+00:00", "exit_code": 0, "timed_out": false, "execution_error": null, "finished_at": "2026-09-26T06:07:41.687933+00:00", "stdout_path": "002.stdout.log", "stderr_path": "002.stderr.log"}
[stdout]
hello E3

[stderr]

{"id": "cmd-3", "argv": ["docker", "run", "--rm", "sha256:18135e3075fd8211e4b2feeed0c972958835076339907782dc8c56e53940359b"], "cwd": "C:\\Users\\X\\桌面\\note\\devops\\project b13\\2026-Devops-B13", "started_at": "2026-09-26T06:07:41.689051+00:00", "exit_code": 0, "timed_out": false, "execution_error": null, "finished_at": "2026-09-26T06:07:42.236858+00:00", "stdout_path": "003.stdout.log", "stderr_path": "003.stderr.log"}
[stdout]
hello E3

[stderr]

{"id": "cmd-4", "argv": ["docker", "run", "--rm", "-v", "C:\\Users\\X\\桌面\\note\\devops\\project b13\\2026-Devops-B13\\fixtures\\draft:/fixture:ro", "sha256:18135e3075fd8211e4b2feeed0c972958835076339907782dc8c56e53940359b", "sh", "-c", "mkdir /tmp/current && cp /fixture/main.c /fixture/Makefile /tmp/current/ && cd /tmp/current && make clean && make && ./hello"], "cwd": "C:\\Users\\X\\桌面\\note\\devops\\project b13\\2026-Devops-B13", "started_at": "2026-09-26T06:07:42.237851+00:00", "exit_code": 0, "timed_out": false, "execution_error": null, "finished_at": "2026-09-26T06:07:42.886115+00:00", "stdout_path": "004.stdout.log", "stderr_path": "004.stderr.log"}
[stdout]
rm -f hello
gcc -O2 -Wall -Wextra main.c -o hello
hello E3

[stderr]

{"id": "cmd-5", "argv": ["docker", "run", "--rm", "sha256:18135e3075fd8211e4b2feeed0c972958835076339907782dc8c56e53940359b", "sh", "-c", "cat /etc/os-release; uname -m; make --version; gcc --version; git --version; python3 --version; sha256sum /workspace/project/hello"], "cwd": "C:\\Users\\X\\桌面\\note\\devops\\project b13\\2026-Devops-B13", "started_at": "2026-09-26T06:07:42.886829+00:00", "exit_code": 0, "timed_out": false, "execution_error": null, "finished_at": "2026-09-26T06:07:43.487719+00:00", "stdout_path": "005.stdout.log", "stderr_path": "005.stderr.log"}
[stdout]
NAME="Ubuntu"
VERSION="20.04.6 LTS (Focal Fossa)"
ID=ubuntu
ID_LIKE=debian
PRETTY_NAME="Ubuntu 20.04.6 LTS"
VERSION_ID="20.04"
HOME_URL="https://www.ubuntu.com/"
SUPPORT_URL="https://help.ubuntu.com/"
BUG_REPORT_URL="https://bugs.launchpad.net/ubuntu/"
PRIVACY_POLICY_URL="https://www.ubuntu.com/legal/terms-and-policies/privacy-policy"
VERSION_CODENAME=focal
UBUNTU_CODENAME=focal
x86_64
GNU Make 4.2.1
Built for x86_64-pc-linux-gnu
Copyright (C) 1988-2016 Free Software Foundation, Inc.
License GPLv3+: GNU GPL version 3 or later <http://gnu.org/licenses/gpl.html>
This is free software: you are free to change and redistribute it.
There is NO WARRANTY, to the extent permitted by law.
gcc (Ubuntu 9.4.0-1ubuntu1~20.04.2) 9.4.0
Copyright (C) 2019 Free Software Foundation, Inc.
This is free software; see the source for copying conditions.  There is NO
warranty; not even for MERCHANTABILITY or FITNESS FOR A PARTICULAR PURPOSE.

git version 2.25.1
Python 3.8.10
f550c821880755a0ab347472f03ef54b03b7b1e91a56a0457a9b2cc0f2b8777c  /workspace/project/hello

[stderr]

