{"id": "cmd-1", "argv": ["python3", "scripts/verify_implicit.py"], "cwd": "/repo", "started_at": "2026-09-24T11:22:05.068756+00:00", "exit_code": 0, "timed_out": false, "execution_error": null, "finished_at": "2026-09-24T11:22:07.684820+00:00", "stdout_path": "001.stdout.log", "stderr_path": "001.stderr.log"}
[stdout]
ORACLE=B13_MANUAL_ORACLE; detector was not run
$ make
exit=0
cc -O0 -c main.c -o main.o
cc main.o -o app

$ ./app
exit=0
1

$ make
exit=0
make: Nothing to be done for 'all'.

$ ./app
exit=0
1

PASS before patch: header-only change leaves stale output 1
$ git apply --check /repo/fixtures/mdfixer/implicit-style/reference.patch
exit=0

$ git apply /repo/fixtures/mdfixer/implicit-style/reference.patch
exit=0

$ make
exit=0
cc -O0 -MMD -MP -c main.c -o main.o
cc main.o -o app

$ ./app
exit=0
1

clean_build_sha256_before=d8174764d8e7a310e16e3e0f16b792b6ce532bda59ef3dba0ee73d037501cec0
clean_build_sha256_after=d8174764d8e7a310e16e3e0f16b792b6ce532bda59ef3dba0ee73d037501cec0
$ make
exit=0
cc -O0 -MMD -MP -c main.c -o main.o
cc main.o -o app

$ ./app
exit=0
3

PASS after patch: .d tracks header and rebuild outputs 3
PASS clean-build artifact SHA-256 unchanged at VALUE=1
$ git apply --check /repo/fixtures/mdfixer/implicit-style/invalid.patch
exit=0

$ git apply /repo/fixtures/mdfixer/implicit-style/invalid.patch
exit=0

$ make
exit=2
false # intentionally invalid candidate
make: *** [Makefile:10: main.o] Error 1

$ make
exit=0
cc -O0 -c main.c -o main.o
cc main.o -o app

$ ./app
exit=0
1

PASS invalid candidate rejected; original Makefile restored
All implicit fixture checks passed. A13 EChecker recheck remains pending.

[stderr]

