== style=macro-style
== fixture_dir: /mnt/c/Users/Lenovo/AppData/Roaming/TRAE SOLO CN/ModularData/ai-agent/work-mode-projects/6ab1e675e64c8e2590415ad7/_dev/b13-work/fixtures/mdfixer/macro-style
== fixture_commit（引入该 fixture 的真实提交）: 5f599d2592fbf4a678950b7f7b2886b6844ad9e4
== evidence_dir: /mnt/c/Users/Lenovo/AppData/Roaming/TRAE SOLO CN/ModularData/ai-agent/work-mode-projects/6ab1e675e64c8e2590415ad7/_dev/b13-work/evidence/E3/2026-09-25-163928-mdfixer-macro-style
== HEAD=c50f9f7433e9d92faf74530606db96aa179378da dirty=False
== Oracle 来源: B13_MANUAL_ORACLE（课程固定 Oracle 程序化实现）；A13 EChecker 未执行
[PASS] S0.report-commit — 期望: md-report.json 引用的 fixture 提交与 git 历史一致（真实提交） | 实际: 报告引用=5f599d2592fbf4a678950b7f7b2886b6844ad9e4，git 历史=5f599d2592fbf4a678950b7f7b2886b6844ad9e4
$ /usr/bin/make --version
cwd=/mnt/c/Users/Lenovo/AppData/Roaming/TRAE SOLO CN/ModularData/ai-agent/work-mode-projects/6ab1e675e64c8e2590415ad7/_dev/b13-work exit=0
stdout:
GNU Make 4.3
Built for x86_64-pc-linux-gnu
Copyright (C) 1988-2020 Free Software Foundation, Inc.
License GPLv3+: GNU GPL version 3 or later <http://gnu.org/licenses/gpl.html>
This is free software: you are free to change and redistribute it.
There is NO WARRANTY, to the extent permitted by law.
$ /usr/bin/cc --version
cwd=/mnt/c/Users/Lenovo/AppData/Roaming/TRAE SOLO CN/ModularData/ai-agent/work-mode-projects/6ab1e675e64c8e2590415ad7/_dev/b13-work exit=0
stdout:
cc (Ubuntu 11.4.0-1ubuntu1~22.04.3) 11.4.0
Copyright (C) 2021 Free Software Foundation, Inc.
This is free software; see the source for copying conditions.  There is NO
warranty; not even for MERCHANTABILITY or FITNESS FOR A PARTICULAR PURPOSE.
$ /usr/bin/git --version
cwd=/mnt/c/Users/Lenovo/AppData/Roaming/TRAE SOLO CN/ModularData/ai-agent/work-mode-projects/6ab1e675e64c8e2590415ad7/_dev/b13-work exit=0
stdout:
git version 2.34.1
== workdir: /tmp/mdfixer-macro-style-74tltila
$ /usr/bin/make CC=/usr/bin/cc
cwd=/tmp/mdfixer-macro-style-74tltila exit=0
stdout:
/usr/bin/cc -O0 -c main.c -o main.o
/usr/bin/cc main.o -o app
[PASS] S1.build-before — 期望: 修复前完整构建退出码为 0 | 实际: exit=0
$ /tmp/mdfixer-macro-style-74tltila/app
cwd=/tmp/mdfixer-macro-style-74tltila exit=0
stdout:
1
[PASS] S1.output-before — 期望: VALUE=1 完整构建后程序输出 1 | 实际: stdout='1'
$ /usr/bin/make CC=/usr/bin/cc
cwd=/tmp/mdfixer-macro-style-74tltila exit=0
stdout:
make: Nothing to be done for 'all'.
[PASS] S3.no-rebuild-before — 期望: 修复前只改 config.h 后普通 make 不重编译 main.o（复现漏重建） | 实际: main.o 重编译=False
$ /tmp/mdfixer-macro-style-74tltila/app
cwd=/tmp/mdfixer-macro-style-74tltila exit=0
stdout:
1
[PASS] S3.stale-output — 期望: 修复前增量构建后程序仍输出旧值 1 | 实际: stdout='1'
[PASS] S3.oracle-before — 期望: 课程固定 Oracle 在修复前报告 1 条 MISSING(main.o→config.h) | 实际: {"target": "main.o", "declared": ["main.c"], "actual": ["config.h", "main.c"], "missing": ["config.h"], "redundant": []}
$ /usr/bin/git apply --check /mnt/c/Users/Lenovo/AppData/Roaming/TRAE SOLO CN/ModularData/ai-agent/work-mode-projects/6ab1e675e64c8e2590415ad7/_dev/b13-work/fixtures/mdfixer/macro-style/reference.patch
cwd=/tmp/mdfixer-macro-style-74tltila exit=0
[PASS] S4.apply-check — 期望: git apply --check reference.patch 通过 | 实际: exit=0
$ /usr/bin/git apply /mnt/c/Users/Lenovo/AppData/Roaming/TRAE SOLO CN/ModularData/ai-agent/work-mode-projects/6ab1e675e64c8e2590415ad7/_dev/b13-work/fixtures/mdfixer/macro-style/reference.patch
cwd=/tmp/mdfixer-macro-style-74tltila exit=0
[PASS] S4.apply — 期望: git apply reference.patch 成功 | 实际: exit=0
[PASS] S4.patch-minimal — 期望: 补丁只修改必要的依赖声明 | 实际: 改动行=['DEPS = main.c', 'DEPS = main.c config.h']
$ /usr/bin/make CC=/usr/bin/cc
cwd=/tmp/mdfixer-macro-style-74tltila exit=0
stdout:
/usr/bin/cc -O0 -c main.c -o main.o
/usr/bin/cc main.o -o app
[PASS] S5.build-after — 期望: 修复后完整构建退出码为 0 | 实际: exit=0
$ /tmp/mdfixer-macro-style-74tltila/app
cwd=/tmp/mdfixer-macro-style-74tltila exit=0
stdout:
2
[PASS] S5.output-after — 期望: 修复后完整构建输出当前 VALUE=2 | 实际: stdout='2'
$ /usr/bin/make CC=/usr/bin/cc
cwd=/tmp/mdfixer-macro-style-74tltila exit=0
stdout:
/usr/bin/cc -O0 -c main.c -o main.o
/usr/bin/cc main.o -o app
[PASS] S7.incremental-rebuild — 期望: 修复后修改 config.h，普通 make 触发 main.o 重编译 | 实际: main.o 重编译=True
$ /tmp/mdfixer-macro-style-74tltila/app
cwd=/tmp/mdfixer-macro-style-74tltila exit=0
stdout:
3
[PASS] S8.incremental-output — 期望: 修复后增量构建输出新值 3 | 实际: stdout='3'
[PASS] S9.oracle-after — 期望: 修复后课程固定 Oracle 重检 MD 数量为 0 | 实际: {"target": "main.o", "declared": ["config.h", "main.c"], "actual": ["config.h", "main.c"], "missing": [], "redundant": []}
[PASS] S10.style-consistency — 期望: 修复前后声明风格一致（期望 MACRO） | 实际: before=MACRO after=MACRO
$ /usr/bin/make CC=/usr/bin/cc
cwd=/tmp/mdfixer-macro-style-equiv-126rx4gk exit=0
stdout:
/usr/bin/cc -O0 -c main.c -o main.o
/usr/bin/cc main.o -o app
$ /tmp/mdfixer-macro-style-equiv-126rx4gk/app
cwd=/tmp/mdfixer-macro-style-equiv-126rx4gk exit=0
stdout:
1
[PASS] S11.behavior-equivalence — 期望: 修复后 clean build（VALUE=1）程序行为与修复前一致 | 实际: stdout='1'
[PASS] S11.artifact-hash — 期望: 补充检查：修复前后 VALUE=1 产物 SHA-256 一致 | 实际: sha256=c34d0d6e9e90d8226f45e9500d107f63e1e1fe06d56211b81895a89896d2adc3
$ /usr/bin/git apply --check /mnt/c/Users/Lenovo/AppData/Roaming/TRAE SOLO CN/ModularData/ai-agent/work-mode-projects/6ab1e675e64c8e2590415ad7/_dev/b13-work/fixtures/mdfixer/macro-style/invalid.patch
cwd=/tmp/mdfixer-macro-style-reject-rsw5bqoe exit=0
[PASS] S12.invalid-apply-check — 期望: git apply --check invalid.patch 通过（补丁格式合法、可干净应用） | 实际: exit=0
$ /usr/bin/git apply /mnt/c/Users/Lenovo/AppData/Roaming/TRAE SOLO CN/ModularData/ai-agent/work-mode-projects/6ab1e675e64c8e2590415ad7/_dev/b13-work/fixtures/mdfixer/macro-style/invalid.patch
cwd=/tmp/mdfixer-macro-style-reject-rsw5bqoe exit=0
[PASS] S12.invalid-apply — 期望: git apply invalid.patch 成功 | 实际: exit=0
$ /usr/bin/make CC=/usr/bin/cc
cwd=/tmp/mdfixer-macro-style-reject-rsw5bqoe exit=2
stdout:
false # intentionally invalid candidate
stderr:
make: *** [Makefile:12: main.o] Error 1
[PASS] S12.invalid-rejected — 期望: 应用无效候选后构建失败（退出码非 0），候选被拒绝 | 实际: exit=2
$ /usr/bin/make CC=/usr/bin/cc
cwd=/tmp/mdfixer-macro-style-reject-rsw5bqoe exit=0
stdout:
/usr/bin/cc -O0 -c main.c -o main.o
/usr/bin/cc main.o -o app
$ /tmp/mdfixer-macro-style-reject-rsw5bqoe/app
cwd=/tmp/mdfixer-macro-style-reject-rsw5bqoe exit=0
stdout:
1
[PASS] S12.recovery — 期望: 恢复原始 Makefile 后完整构建成功且程序输出 1 | 实际: build_exit=0 stdout='1'
== style=macro-style 总体结果: PASS (PASS=21 FAIL=0 SKIPPED=0)
